[33mΓ¥»[39m Building...
[32mΓ£ö[39m Building...
[1mInitial chunk files[22m  [2m | [22m[1mNames[22m        [2m | [22m [1mRaw size[22m[2m | [22m[1mEstimated transfer size[22m
[32mmain-2NNCPJ4Q.js[39m     [2m | [22m[2mmain[22m         [2m | [22m[36m286.15 kB[39m[2m | [22m               [36m76.79 kB[39m
[32mpolyfills-B6TNHZQ6.js[39m[2m | [22m[2mpolyfills[22m    [2m | [22m [36m34.58 kB[39m[2m | [22m               [36m11.32 kB[39m
[32mstyles-YNM43XHY.css[39m  [2m | [22m[2mstyles[22m       [2m | [22m[36m118 bytes[39m[2m | [22m              [36m118 bytes[39m

[1m [22m                    [2m | [22m[1mInitial total[22m[2m | [22m[1m320.85 kB[22m[2m | [22m               [1m88.23 kB[22m

Application bundle generation complete. [1.599 seconds]

node.exe : [1m[33m[33mΓû▓ [43;33m[[43;30mWARNING[43;33m][0m 
[1msrc/app/about/about.component.css exceeded maximum budget. Budget 4.00 kB 
was not met by 2.01 kB with a total of 6.01 kB.[0m
At C:\Users\borata_s\AppData\Roaming\npm\ng.ps1:24 char:5
+     & "node$exe"  "$basedir/node_modules/@angular/cli/bin/ng.js" $arg ...
+     ~~~~~~~~~~~~~~~~~~~~~~~~~~~~~~~~~~~~~~~~~~~~~~~~~~~~~~~~~~~~~~~~~
    + CategoryInfo          : NotSpecified: ([1m[33m[33mΓ...of 6.01 kB.[0m 
   :String) [], RemoteException
    + FullyQualifiedErrorId : NativeCommandError
 


[33mΓû▓ [43;33m[[43;30mWARNING[43;33m][0m 
[1msrc/app/home/home.component.css exceeded maximum budget. Budget 4.00 kB 
was not met by 1.76 kB with a total of 5.76 kB.[0m

[39m[22m
Output location: C:\appdev1-sdg4-education\appdev1-sdg4-education\dist\appdev1-sdg4-education

